// Jest Snapshot v1, https://goo.gl/fbAQLP

exports[`<Page /> is a component that renders and matches its snapshot 1`] = `
.c0 {
  -webkit-align-items: center;
  -webkit-box-align: center;
  -ms-flex-align: center;
  align-items: center;
  display: -webkit-box;
  display: -webkit-flex;
  display: -ms-flexbox;
  display: flex;
  -webkit-box-pack: justify;
  -webkit-justify-content: space-between;
  -ms-flex-pack: justify;
  justify-content: space-between;
  padding-top: 1.5rem;
}

.c0 .logo {
  font-style: normal;
  font-weight: 700;
}

.c1 {
  margin-top: 3rem;
  padding-bottom: 1.5rem;
}

<div>
  <div
    class="page"
  >
    <header
      class="container c0"
    >
      <strong
        class="logo"
      >
        <a
          href="/"
        >
          Simon Sinclair
        </a>
      </strong>
      <nav
        class="nav-bar"
      >
        <ul
          class="nav-list nav-list--inline"
        >
          <li>
            <a
              class=""
              href="/"
            >
              Home
            </a>
          </li>
        </ul>
      </nav>
    </header>
    <h1>
      Hello, World.
    </h1>
    <footer
      class="container c1"
    >
      <p>
        <small>
          Â©
           
          2019
           
          Simon Sinclair.
        </small>
      </p>
    </footer>
  </div>
</div>
`;
