// Jest Snapshot v1, https://goo.gl/fbAQLP

exports[`<Footer /> is a component that renders and matches its snapshot 1`] = `
.c0 {
  margin-top: 3rem;
  padding-bottom: 1.5rem;
}

<div>
  <footer
    class="container c0"
  >
    <p>
      <small>
        Â©
         
        1988
         
        Simon Sinclair.
      </small>
    </p>
  </footer>
</div>
`;
