// Jest Snapshot v1, https://goo.gl/fbAQLP

exports[`<Error /> Should match Snapshot 1`] = `
<DocumentFragment>
  <page
    title="Simon Sinclair â€” Page Not Found"
  >
    <main
      class="container"
    >
      <h1>
        Page Not Found
      </h1>
      <p>
        Sorry, the page you're trying to view cannot be found.
      </p>
    </main>
  </page>
</DocumentFragment>
`;
