// Jest Snapshot v1, https://goo.gl/fbAQLP

exports[`<Head /> is a component that renders and matches its snapshot 1`] = `<div />`;
