// Jest Snapshot v1, https://goo.gl/fbAQLP

exports[`<Footer /> is a component that matches its snapshot 1`] = `
<DocumentFragment>
  <footer
    class="jsx-35825920 container"
  >
    <p
      class="jsx-35825920"
    >
      <small
        class="jsx-35825920"
      >
        Â© 1988 Simon Sinclair.
      </small>
    </p>
  </footer>
</DocumentFragment>
`;
